2026-05-07 16:42:06,907 [INFO] 시청자봇: Found credentials in environment variables.
2026-05-07 16:42:06,946 [INFO] 시청자봇: 📊 [타임라인 세팅] 4경기 종료: 1957초 | 5경기 시작: 1225초 | 5경기 종료: 3158초
2026-05-07 16:42:06,947 [INFO] 시청자봇: 👀 [시청자 봇] 다이내믹 시청자 수 시뮬레이션 시작!
2026-05-07 16:42:06,948 [INFO] 시청자봇: 📊 [pre_game | 0초 경과] 현재 시청자 수: 35,069명
2026-05-07 16:42:17,060 [INFO] 시청자봇: 📊 [pre_game | 10초 경과] 현재 시청자 수: 34,973명
2026-05-07 16:42:27,136 [INFO] 시청자봇: 📊 [pre_game | 20초 경과] 현재 시청자 수: 35,070명
2026-05-07 16:42:37,233 [INFO] 시청자봇: 📊 [pre_game | 30초 경과] 현재 시청자 수: 35,472명
2026-05-07 16:42:47,320 [INFO] 시청자봇: 📊 [pre_game | 40초 경과] 현재 시청자 수: 35,642명
2026-05-07 16:42:57,406 [INFO] 시청자봇: 📊 [pre_game | 50초 경과] 현재 시청자 수: 36,069명
2026-05-07 16:43:07,498 [INFO] 시청자봇: 📊 [worlds_2024_20241102_t1_blg_g4 | 60초 경과] 현재 시청자 수: 36,356명
2026-05-07 16:43:17,584 [INFO] 시청자봇: 📊 [worlds_2024_20241102_t1_blg_g4 | 70초 경과] 현재 시청자 수: 36,331명
2026-05-07 16:43:27,698 [INFO] 시청자봇: 📊 [worlds_2024_20241102_t1_blg_g4 | 80초 경과] 현재 시청자 수: 36,266명
2026-05-07 16:43:37,796 [INFO] 시청자봇: 📊 [worlds_2024_20241102_t1_blg_g4 | 90초 경과] 현재 시청자 수: 36,508명
2026-05-07 16:43:47,877 [INFO] 시청자봇: 📊 [worlds_2024_20241102_t1_blg_g4 | 100초 경과] 현재 시청자 수: 36,828명
2026-05-07 16:43:57,950 [INFO] 시청자봇: 📊 [worlds_2024_20241102_t1_blg_g4 | 111초 경과] 현재 시청자 수: 36,775명
2026-05-07 16:44:08,025 [INFO] 시청자봇: 📊 [worlds_2024_20241102_t1_blg_g4 | 121초 경과] 현재 시청자 수: 36,994명
2026-05-07 16:44:18,115 [INFO] 시청자봇: 📊 [worlds_2024_20241102_t1_blg_g4 | 131초 경과] 현재 시청자 수: 37,455명
2026-05-07 16:44:28,195 [INFO] 시청자봇: 📊 [worlds_2024_20241102_t1_blg_g4 | 141초 경과] 현재 시청자 수: 37,552명
2026-05-07 16:44:38,325 [INFO] 시청자봇: 📊 [worlds_2024_20241102_t1_blg_g4 | 151초 경과] 현재 시청자 수: 37,523명
2026-05-07 16:44:48,413 [INFO] 시청자봇: 📊 [worlds_2024_20241102_t1_blg_g4 | 161초 경과] 현재 시청자 수: 37,762명
2026-05-07 16:44:58,514 [INFO] 시청자봇: 📊 [worlds_2024_20241102_t1_blg_g4 | 171초 경과] 현재 시청자 수: 37,904명
2026-05-07 16:45:08,620 [INFO] 시청자봇: 📊 [worlds_2024_20241102_t1_blg_g4 | 181초 경과] 현재 시청자 수: 37,968명
2026-05-07 16:45:18,694 [INFO] 시청자봇: 📊 [worlds_2024_20241102_t1_blg_g4 | 191초 경과] 현재 시청자 수: 38,217명
2026-05-07 16:45:28,784 [INFO] 시청자봇: 📊 [worlds_2024_20241102_t1_blg_g4 | 201초 경과] 현재 시청자 수: 38,318명
2026-05-07 16:45:38,871 [INFO] 시청자봇: 📊 [worlds_2024_20241102_t1_blg_g4 | 211초 경과] 현재 시청자 수: 38,524명
2026-05-07 16:45:48,950 [INFO] 시청자봇: 📊 [worlds_2024_20241102_t1_blg_g4 | 222초 경과] 현재 시청자 수: 39,046명
2026-05-07 16:45:59,029 [INFO] 시청자봇: 📊 [worlds_2024_20241102_t1_blg_g4 | 232초 경과] 현재 시청자 수: 38,957명
2026-05-07 16:46:09,110 [INFO] 시청자봇: 📊 [worlds_2024_20241102_t1_blg_g4 | 242초 경과] 현재 시청자 수: 39,595명
2026-05-07 16:46:19,204 [INFO] 시청자봇: 📊 [worlds_2024_20241102_t1_blg_g4 | 252초 경과] 현재 시청자 수: 39,352명
2026-05-07 16:46:29,296 [INFO] 시청자봇: 📊 [worlds_2024_20241102_t1_blg_g4 | 262초 경과] 현재 시청자 수: 39,701명
2026-05-07 16:46:39,376 [INFO] 시청자봇: 📊 [worlds_2024_20241102_t1_blg_g4 | 272초 경과] 현재 시청자 수: 39,612명
2026-05-07 16:46:49,455 [INFO] 시청자봇: 📊 [worlds_2024_20241102_t1_blg_g4 | 282초 경과] 현재 시청자 수: 39,771명
2026-05-07 16:46:59,542 [INFO] 시청자봇: 📊 [worlds_2024_20241102_t1_blg_g4 | 292초 경과] 현재 시청자 수: 40,433명
2026-05-07 16:47:09,664 [INFO] 시청자봇: 📊 [worlds_2024_20241102_t1_blg_g4 | 302초 경과] 현재 시청자 수: 40,634명
2026-05-07 16:47:19,748 [INFO] 시청자봇: 📊 [worlds_2024_20241102_t1_blg_g4 | 312초 경과] 현재 시청자 수: 40,282명
2026-05-07 16:47:29,840 [INFO] 시청자봇: 📊 [worlds_2024_20241102_t1_blg_g4 | 322초 경과] 현재 시청자 수: 40,956명
2026-05-07 16:47:39,921 [INFO] 시청자봇: 📊 [worlds_2024_20241102_t1_blg_g4 | 332초 경과] 현재 시청자 수: 40,900명
2026-05-07 16:47:49,998 [INFO] 시청자봇: 📊 [worlds_2024_20241102_t1_blg_g4 | 343초 경과] 현재 시청자 수: 41,361명
2026-05-07 16:48:00,182 [INFO] 시청자봇: 📊 [worlds_2024_20241102_t1_blg_g4 | 353초 경과] 현재 시청자 수: 41,023명
2026-05-07 16:48:10,308 [INFO] 시청자봇: 📊 [worlds_2024_20241102_t1_blg_g4 | 363초 경과] 현재 시청자 수: 41,267명
2026-05-07 16:48:20,378 [INFO] 시청자봇: 📊 [worlds_2024_20241102_t1_blg_g4 | 373초 경과] 현재 시청자 수: 41,440명
2026-05-07 16:48:30,461 [INFO] 시청자봇: 📊 [worlds_2024_20241102_t1_blg_g4 | 383초 경과] 현재 시청자 수: 41,998명
2026-05-07 16:48:40,584 [INFO] 시청자봇: 📊 [worlds_2024_20241102_t1_blg_g4 | 393초 경과] 현재 시청자 수: 41,945명
2026-05-07 16:48:50,679 [INFO] 시청자봇: 📊 [worlds_2024_20241102_t1_blg_g4 | 403초 경과] 현재 시청자 수: 42,117명
2026-05-07 16:49:00,767 [INFO] 시청자봇: 📊 [worlds_2024_20241102_t1_blg_g4 | 413초 경과] 현재 시청자 수: 42,297명
2026-05-07 16:49:10,905 [INFO] 시청자봇: 📊 [worlds_2024_20241102_t1_blg_g4 | 423초 경과] 현재 시청자 수: 42,685명
2026-05-07 16:49:20,993 [INFO] 시청자봇: 📊 [worlds_2024_20241102_t1_blg_g4 | 434초 경과] 현재 시청자 수: 42,924명
2026-05-07 16:49:31,078 [INFO] 시청자봇: 📊 [worlds_2024_20241102_t1_blg_g4 | 444초 경과] 현재 시청자 수: 43,013명
2026-05-07 16:49:41,194 [INFO] 시청자봇: 📊 [worlds_2024_20241102_t1_blg_g4 | 454초 경과] 현재 시청자 수: 43,215명
2026-05-07 16:49:51,275 [INFO] 시청자봇: 📊 [worlds_2024_20241102_t1_blg_g4 | 464초 경과] 현재 시청자 수: 43,439명
2026-05-07 16:50:01,339 [INFO] 시청자봇: 📊 [worlds_2024_20241102_t1_blg_g4 | 474초 경과] 현재 시청자 수: 43,364명
2026-05-07 16:50:11,427 [INFO] 시청자봇: 📊 [worlds_2024_20241102_t1_blg_g4 | 484초 경과] 현재 시청자 수: 43,644명
2026-05-07 16:50:21,515 [INFO] 시청자봇: 📊 [worlds_2024_20241102_t1_blg_g4 | 494초 경과] 현재 시청자 수: 43,602명
2026-05-07 16:50:31,607 [INFO] 시청자봇: 📊 [worlds_2024_20241102_t1_blg_g4 | 504초 경과] 현재 시청자 수: 43,927명
2026-05-07 16:50:41,701 [INFO] 시청자봇: 📊 [worlds_2024_20241102_t1_blg_g4 | 514초 경과] 현재 시청자 수: 44,280명
2026-05-07 16:50:51,792 [INFO] 시청자봇: 📊 [worlds_2024_20241102_t1_blg_g4 | 524초 경과] 현재 시청자 수: 44,295명
2026-05-07 16:51:01,865 [INFO] 시청자봇: 📊 [worlds_2024_20241102_t1_blg_g4 | 534초 경과] 현재 시청자 수: 44,370명
2026-05-07 16:51:11,944 [INFO] 시청자봇: 📊 [worlds_2024_20241102_t1_blg_g4 | 544초 경과] 현재 시청자 수: 44,907명
2026-05-07 16:51:22,019 [INFO] 시청자봇: 📊 [worlds_2024_20241102_t1_blg_g4 | 555초 경과] 현재 시청자 수: 44,715명
2026-05-07 16:51:32,107 [INFO] 시청자봇: 📊 [worlds_2024_20241102_t1_blg_g4 | 565초 경과] 현재 시청자 수: 45,065명
2026-05-07 16:51:42,223 [INFO] 시청자봇: 📊 [worlds_2024_20241102_t1_blg_g4 | 575초 경과] 현재 시청자 수: 45,178명
2026-05-07 16:51:52,313 [INFO] 시청자봇: 📊 [worlds_2024_20241102_t1_blg_g4 | 585초 경과] 현재 시청자 수: 45,477명
2026-05-07 16:52:02,398 [INFO] 시청자봇: 📊 [worlds_2024_20241102_t1_blg_g4 | 595초 경과] 현재 시청자 수: 45,934명
2026-05-07 16:52:12,524 [INFO] 시청자봇: 📊 [worlds_2024_20241102_t1_blg_g4 | 605초 경과] 현재 시청자 수: 45,790명
2026-05-07 16:52:22,613 [INFO] 시청자봇: 📊 [worlds_2024_20241102_t1_blg_g4 | 615초 경과] 현재 시청자 수: 46,246명
2026-05-07 16:52:32,705 [INFO] 시청자봇: 📊 [worlds_2024_20241102_t1_blg_g4 | 625초 경과] 현재 시청자 수: 46,322명
2026-05-07 16:52:42,832 [INFO] 시청자봇: 📊 [worlds_2024_20241102_t1_blg_g4 | 635초 경과] 현재 시청자 수: 46,586명
2026-05-07 16:52:52,916 [INFO] 시청자봇: 📊 [worlds_2024_20241102_t1_blg_g4 | 645초 경과] 현재 시청자 수: 46,656명
2026-05-07 16:53:02,997 [INFO] 시청자봇: 📊 [worlds_2024_20241102_t1_blg_g4 | 656초 경과] 현재 시청자 수: 46,667명
2026-05-07 16:53:13,114 [INFO] 시청자봇: 📊 [worlds_2024_20241102_t1_blg_g4 | 666초 경과] 현재 시청자 수: 46,747명
2026-05-07 16:53:23,198 [INFO] 시청자봇: 📊 [worlds_2024_20241102_t1_blg_g4 | 676초 경과] 현재 시청자 수: 46,992명
2026-05-07 16:53:33,266 [INFO] 시청자봇: 📊 [worlds_2024_20241102_t1_blg_g4 | 686초 경과] 현재 시청자 수: 47,285명
2026-05-07 16:53:43,361 [INFO] 시청자봇: 📊 [worlds_2024_20241102_t1_blg_g4 | 696초 경과] 현재 시청자 수: 47,282명
2026-05-07 16:53:53,455 [INFO] 시청자봇: 📊 [worlds_2024_20241102_t1_blg_g4 | 706초 경과] 현재 시청자 수: 47,335명
2026-05-07 16:54:03,533 [INFO] 시청자봇: 📊 [worlds_2024_20241102_t1_blg_g4 | 716초 경과] 현재 시청자 수: 47,983명
2026-05-07 16:54:13,607 [INFO] 시청자봇: 📊 [worlds_2024_20241102_t1_blg_g4 | 726초 경과] 현재 시청자 수: 47,813명
2026-05-07 16:54:23,677 [INFO] 시청자봇: 📊 [worlds_2024_20241102_t1_blg_g4 | 736초 경과] 현재 시청자 수: 48,242명
2026-05-07 16:54:33,767 [INFO] 시청자봇: 📊 [worlds_2024_20241102_t1_blg_g4 | 746초 경과] 현재 시청자 수: 48,419명
2026-05-07 16:54:43,868 [INFO] 시청자봇: 📊 [worlds_2024_20241102_t1_blg_g4 | 756초 경과] 현재 시청자 수: 48,614명
2026-05-07 16:54:53,955 [INFO] 시청자봇: 📊 [worlds_2024_20241102_t1_blg_g4 | 767초 경과] 현재 시청자 수: 48,579명
2026-05-07 16:55:04,035 [INFO] 시청자봇: 📊 [worlds_2024_20241102_t1_blg_g4 | 777초 경과] 현재 시청자 수: 48,663명
2026-05-07 16:55:14,149 [INFO] 시청자봇: 📊 [worlds_2024_20241102_t1_blg_g4 | 787초 경과] 현재 시청자 수: 49,303명
2026-05-07 16:55:24,237 [INFO] 시청자봇: 📊 [worlds_2024_20241102_t1_blg_g4 | 797초 경과] 현재 시청자 수: 49,290명
2026-05-07 16:55:34,324 [INFO] 시청자봇: 📊 [worlds_2024_20241102_t1_blg_g4 | 807초 경과] 현재 시청자 수: 49,670명
2026-05-07 16:55:44,451 [INFO] 시청자봇: 📊 [worlds_2024_20241102_t1_blg_g4 | 817초 경과] 현재 시청자 수: 49,358명
2026-05-07 16:55:54,544 [INFO] 시청자봇: 📊 [worlds_2024_20241102_t1_blg_g4 | 827초 경과] 현재 시청자 수: 49,885명
2026-05-07 16:56:04,640 [INFO] 시청자봇: 📊 [worlds_2024_20241102_t1_blg_g4 | 837초 경과] 현재 시청자 수: 50,164명
2026-05-07 16:56:14,749 [INFO] 시청자봇: 📊 [worlds_2024_20241102_t1_blg_g4 | 847초 경과] 현재 시청자 수: 49,933명
2026-05-07 16:56:24,838 [INFO] 시청자봇: 📊 [worlds_2024_20241102_t1_blg_g4 | 857초 경과] 현재 시청자 수: 50,127명
2026-05-07 16:56:34,926 [INFO] 시청자봇: 📊 [worlds_2024_20241102_t1_blg_g4 | 867초 경과] 현재 시청자 수: 50,644명
2026-05-07 16:56:45,011 [INFO] 시청자봇: 📊 [worlds_2024_20241102_t1_blg_g4 | 878초 경과] 현재 시청자 수: 50,742명
2026-05-07 16:56:55,146 [INFO] 시청자봇: 📊 [worlds_2024_20241102_t1_blg_g4 | 888초 경과] 현재 시청자 수: 50,878명
2026-05-07 16:57:05,260 [INFO] 시청자봇: 📊 [worlds_2024_20241102_t1_blg_g4 | 898초 경과] 현재 시청자 수: 51,111명
2026-05-07 16:57:15,339 [INFO] 시청자봇: 📊 [worlds_2024_20241102_t1_blg_g4 | 908초 경과] 현재 시청자 수: 51,122명
2026-05-07 16:57:25,419 [INFO] 시청자봇: 📊 [worlds_2024_20241102_t1_blg_g4 | 918초 경과] 현재 시청자 수: 51,455명
2026-05-07 16:57:35,506 [INFO] 시청자봇: 📊 [worlds_2024_20241102_t1_blg_g4 | 928초 경과] 현재 시청자 수: 51,421명
2026-05-07 16:57:45,586 [INFO] 시청자봇: 📊 [worlds_2024_20241102_t1_blg_g4 | 938초 경과] 현재 시청자 수: 51,933명
2026-05-07 16:57:55,657 [INFO] 시청자봇: 📊 [worlds_2024_20241102_t1_blg_g4 | 948초 경과] 현재 시청자 수: 51,793명
2026-05-07 16:58:05,858 [INFO] 시청자봇: 📊 [worlds_2024_20241102_t1_blg_g4 | 958초 경과] 현재 시청자 수: 51,963명
2026-05-07 16:58:15,958 [INFO] 시청자봇: 📊 [worlds_2024_20241102_t1_blg_g4 | 969초 경과] 현재 시청자 수: 52,319명
2026-05-07 16:58:26,052 [INFO] 시청자봇: 📊 [worlds_2024_20241102_t1_blg_g4 | 979초 경과] 현재 시청자 수: 52,696명
2026-05-07 16:58:36,126 [INFO] 시청자봇: 📊 [worlds_2024_20241102_t1_blg_g4 | 989초 경과] 현재 시청자 수: 52,862명
2026-05-07 16:58:46,214 [INFO] 시청자봇: 📊 [worlds_2024_20241102_t1_blg_g4 | 999초 경과] 현재 시청자 수: 52,607명
2026-05-07 16:58:56,291 [INFO] 시청자봇: 📊 [worlds_2024_20241102_t1_blg_g4 | 1009초 경과] 현재 시청자 수: 52,796명
2026-05-07 16:59:06,377 [INFO] 시청자봇: 📊 [worlds_2024_20241102_t1_blg_g4 | 1019초 경과] 현재 시청자 수: 53,174명
2026-05-07 16:59:16,490 [INFO] 시청자봇: 📊 [worlds_2024_20241102_t1_blg_g4 | 1029초 경과] 현재 시청자 수: 53,300명
2026-05-07 16:59:26,567 [INFO] 시청자봇: 📊 [worlds_2024_20241102_t1_blg_g4 | 1039초 경과] 현재 시청자 수: 53,860명
2026-05-07 16:59:36,647 [INFO] 시청자봇: 📊 [worlds_2024_20241102_t1_blg_g4 | 1049초 경과] 현재 시청자 수: 53,824명
2026-05-07 16:59:46,778 [INFO] 시청자봇: 📊 [worlds_2024_20241102_t1_blg_g4 | 1059초 경과] 현재 시청자 수: 54,052명
2026-05-07 16:59:56,875 [INFO] 시청자봇: 📊 [worlds_2024_20241102_t1_blg_g4 | 1069초 경과] 현재 시청자 수: 53,891명
2026-05-07 17:00:06,964 [INFO] 시청자봇: 📊 [worlds_2024_20241102_t1_blg_g4 | 1080초 경과] 현재 시청자 수: 54,439명
2026-05-07 17:00:17,049 [INFO] 시청자봇: 📊 [worlds_2024_20241102_t1_blg_g4 | 1090초 경과] 현재 시청자 수: 54,203명
2026-05-07 17:00:27,126 [INFO] 시청자봇: 📊 [worlds_2024_20241102_t1_blg_g4 | 1100초 경과] 현재 시청자 수: 54,507명
2026-05-07 17:00:37,203 [INFO] 시청자봇: 📊 [worlds_2024_20241102_t1_blg_g4 | 1110초 경과] 현재 시청자 수: 55,006명
2026-05-07 17:00:47,304 [INFO] 시청자봇: 📊 [worlds_2024_20241102_t1_blg_g4 | 1120초 경과] 현재 시청자 수: 55,128명
2026-05-07 17:00:57,388 [INFO] 시청자봇: 📊 [worlds_2024_20241102_t1_blg_g4 | 1130초 경과] 현재 시청자 수: 55,017명
2026-05-07 17:01:07,462 [INFO] 시청자봇: 📊 [worlds_2024_20241102_t1_blg_g4 | 1140초 경과] 현재 시청자 수: 55,352명
2026-05-07 17:01:17,547 [INFO] 시청자봇: 📊 [worlds_2024_20241102_t1_blg_g4 | 1150초 경과] 현재 시청자 수: 55,648명
2026-05-07 17:01:27,632 [INFO] 시청자봇: 📊 [worlds_2024_20241102_t1_blg_g4 | 1160초 경과] 현재 시청자 수: 55,973명
2026-05-07 17:01:37,714 [INFO] 시청자봇: 📊 [worlds_2024_20241102_t1_blg_g4 | 1170초 경과] 현재 시청자 수: 56,062명
2026-05-07 17:01:47,795 [INFO] 시청자봇: 📊 [worlds_2024_20241102_t1_blg_g4 | 1180초 경과] 현재 시청자 수: 56,046명
2026-05-07 17:01:57,873 [INFO] 시청자봇: 📊 [worlds_2024_20241102_t1_blg_g4 | 1190초 경과] 현재 시청자 수: 56,182명
2026-05-07 17:02:07,995 [INFO] 시청자봇: 📊 [worlds_2024_20241102_t1_blg_g4 | 1201초 경과] 현재 시청자 수: 56,267명
2026-05-07 17:02:18,134 [INFO] 시청자봇: 📊 [worlds_2024_20241102_t1_blg_g4 | 1211초 경과] 현재 시청자 수: 56,795명
2026-05-07 17:02:28,207 [INFO] 시청자봇: 📊 [worlds_2024_20241102_t1_blg_g4 | 1221초 경과] 현재 시청자 수: 56,648명
2026-05-07 17:02:38,338 [INFO] 시청자봇: 📊 [worlds_2024_20241102_t1_blg_g4 | 1231초 경과] 현재 시청자 수: 56,891명
2026-05-07 17:02:48,402 [INFO] 시청자봇: 📊 [worlds_2024_20241102_t1_blg_g4 | 1241초 경과] 현재 시청자 수: 57,317명
2026-05-07 17:02:58,490 [INFO] 시청자봇: 📊 [worlds_2024_20241102_t1_blg_g4 | 1251초 경과] 현재 시청자 수: 57,252명
2026-05-07 17:03:08,620 [INFO] 시청자봇: 📊 [worlds_2024_20241102_t1_blg_g4 | 1261초 경과] 현재 시청자 수: 57,734명
2026-05-07 17:03:18,698 [INFO] 시청자봇: 📊 [worlds_2024_20241102_t1_blg_g4 | 1271초 경과] 현재 시청자 수: 57,551명
2026-05-07 17:03:28,781 [INFO] 시청자봇: 📊 [worlds_2024_20241102_t1_blg_g4 | 1281초 경과] 현재 시청자 수: 58,027명
2026-05-07 17:03:38,879 [INFO] 시청자봇: 📊 [worlds_2024_20241102_t1_blg_g4 | 1291초 경과] 현재 시청자 수: 57,995명
2026-05-07 17:03:48,959 [INFO] 시청자봇: 📊 [worlds_2024_20241102_t1_blg_g4 | 1302초 경과] 현재 시청자 수: 58,140명
2026-05-07 17:03:59,072 [INFO] 시청자봇: 📊 [worlds_2024_20241102_t1_blg_g4 | 1312초 경과] 현재 시청자 수: 58,713명
2026-05-07 17:04:09,160 [INFO] 시청자봇: 📊 [worlds_2024_20241102_t1_blg_g4 | 1322초 경과] 현재 시청자 수: 58,617명
2026-05-07 17:04:19,243 [INFO] 시청자봇: 📊 [worlds_2024_20241102_t1_blg_g4 | 1332초 경과] 현재 시청자 수: 58,842명
2026-05-07 17:04:29,337 [INFO] 시청자봇: 📊 [worlds_2024_20241102_t1_blg_g4 | 1342초 경과] 현재 시청자 수: 58,749명
2026-05-07 17:04:39,433 [INFO] 시청자봇: 📊 [worlds_2024_20241102_t1_blg_g4 | 1352초 경과] 현재 시청자 수: 59,314명
2026-05-07 17:04:49,522 [INFO] 시청자봇: 📊 [worlds_2024_20241102_t1_blg_g4 | 1362초 경과] 현재 시청자 수: 59,371명
2026-05-07 17:04:59,606 [INFO] 시청자봇: 📊 [worlds_2024_20241102_t1_blg_g4 | 1372초 경과] 현재 시청자 수: 59,257명
2026-05-07 17:05:09,695 [INFO] 시청자봇: 📊 [worlds_2024_20241102_t1_blg_g4 | 1382초 경과] 현재 시청자 수: 59,481명
2026-05-07 17:05:19,772 [INFO] 시청자봇: 📊 [worlds_2024_20241102_t1_blg_g4 | 1392초 경과] 현재 시청자 수: 59,668명
2026-05-07 17:05:29,859 [INFO] 시청자봇: 📊 [worlds_2024_20241102_t1_blg_g4 | 1402초 경과] 현재 시청자 수: 60,189명
2026-05-07 17:05:40,006 [INFO] 시청자봇: 📊 [worlds_2024_20241102_t1_blg_g4 | 1413초 경과] 현재 시청자 수: 60,455명
2026-05-07 17:05:50,093 [INFO] 시청자봇: 📊 [worlds_2024_20241102_t1_blg_g4 | 1423초 경과] 현재 시청자 수: 60,211명
2026-05-07 17:06:00,184 [INFO] 시청자봇: 📊 [worlds_2024_20241102_t1_blg_g4 | 1433초 경과] 현재 시청자 수: 60,790명
2026-05-07 17:06:10,296 [INFO] 시청자봇: 📊 [worlds_2024_20241102_t1_blg_g4 | 1443초 경과] 현재 시청자 수: 60,698명
2026-05-07 17:06:20,370 [INFO] 시청자봇: 📊 [worlds_2024_20241102_t1_blg_g4 | 1453초 경과] 현재 시청자 수: 60,692명
2026-05-07 17:06:30,448 [INFO] 시청자봇: 📊 [worlds_2024_20241102_t1_blg_g4 | 1463초 경과] 현재 시청자 수: 61,418명
2026-05-07 17:06:40,571 [INFO] 시청자봇: 📊 [worlds_2024_20241102_t1_blg_g4 | 1473초 경과] 현재 시청자 수: 61,577명
2026-05-07 17:06:50,647 [INFO] 시청자봇: 📊 [worlds_2024_20241102_t1_blg_g4 | 1483초 경과] 현재 시청자 수: 61,754명
2026-05-07 17:07:00,739 [INFO] 시청자봇: 📊 [worlds_2024_20241102_t1_blg_g4 | 1493초 경과] 현재 시청자 수: 61,483명
2026-05-07 17:07:10,847 [INFO] 시청자봇: 📊 [worlds_2024_20241102_t1_blg_g4 | 1503초 경과] 현재 시청자 수: 62,139명
2026-05-07 17:07:20,924 [INFO] 시청자봇: 📊 [worlds_2024_20241102_t1_blg_g4 | 1513초 경과] 현재 시청자 수: 61,877명
2026-05-07 17:07:31,024 [INFO] 시청자봇: 📊 [worlds_2024_20241102_t1_blg_g4 | 1524초 경과] 현재 시청자 수: 62,334명
2026-05-07 17:07:41,161 [INFO] 시청자봇: 📊 [worlds_2024_20241102_t1_blg_g4 | 1534초 경과] 현재 시청자 수: 62,702명
2026-05-07 17:07:51,273 [INFO] 시청자봇: 📊 [worlds_2024_20241102_t1_blg_g4 | 1544초 경과] 현재 시청자 수: 62,794명
2026-05-07 17:08:01,363 [INFO] 시청자봇: 📊 [worlds_2024_20241102_t1_blg_g4 | 1554초 경과] 현재 시청자 수: 62,747명
2026-05-07 17:08:11,504 [INFO] 시청자봇: 📊 [worlds_2024_20241102_t1_blg_g4 | 1564초 경과] 현재 시청자 수: 63,171명
2026-05-07 17:08:21,592 [INFO] 시청자봇: 📊 [worlds_2024_20241102_t1_blg_g4 | 1574초 경과] 현재 시청자 수: 63,016명
2026-05-07 17:08:31,674 [INFO] 시청자봇: 📊 [worlds_2024_20241102_t1_blg_g4 | 1584초 경과] 현재 시청자 수: 63,055명
2026-05-07 17:08:41,800 [INFO] 시청자봇: 📊 [worlds_2024_20241102_t1_blg_g4 | 1594초 경과] 현재 시청자 수: 63,246명
2026-05-07 17:08:51,891 [INFO] 시청자봇: 📊 [worlds_2024_20241102_t1_blg_g4 | 1604초 경과] 현재 시청자 수: 63,776명
2026-05-07 17:09:01,984 [INFO] 시청자봇: 📊 [worlds_2024_20241102_t1_blg_g4 | 1615초 경과] 현재 시청자 수: 63,911명
2026-05-07 17:09:12,100 [INFO] 시청자봇: 📊 [worlds_2024_20241102_t1_blg_g4 | 1625초 경과] 현재 시청자 수: 63,906명
2026-05-07 17:09:22,177 [INFO] 시청자봇: 📊 [worlds_2024_20241102_t1_blg_g4 | 1635초 경과] 현재 시청자 수: 64,113명
2026-05-07 17:09:32,261 [INFO] 시청자봇: 📊 [worlds_2024_20241102_t1_blg_g4 | 1645초 경과] 현재 시청자 수: 64,157명
2026-05-07 17:09:42,352 [INFO] 시청자봇: 📊 [worlds_2024_20241102_t1_blg_g4 | 1655초 경과] 현재 시청자 수: 64,631명
2026-05-07 17:09:52,435 [INFO] 시청자봇: 📊 [worlds_2024_20241102_t1_blg_g4 | 1665초 경과] 현재 시청자 수: 64,509명
2026-05-07 17:10:02,534 [INFO] 시청자봇: 📊 [worlds_2024_20241102_t1_blg_g4 | 1675초 경과] 현재 시청자 수: 65,231명
2026-05-07 17:10:12,645 [INFO] 시청자봇: 📊 [worlds_2024_20241102_t1_blg_g4 | 1685초 경과] 현재 시청자 수: 64,914명
2026-05-07 17:10:22,729 [INFO] 시청자봇: 📊 [worlds_2024_20241102_t1_blg_g4 | 1695초 경과] 현재 시청자 수: 65,590명
2026-05-07 17:10:32,836 [INFO] 시청자봇: 📊 [worlds_2024_20241102_t1_blg_g4 | 1705초 경과] 현재 시청자 수: 65,363명
2026-05-07 17:10:42,915 [INFO] 시청자봇: 📊 [worlds_2024_20241102_t1_blg_g4 | 1715초 경과] 현재 시청자 수: 65,915명
2026-05-07 17:10:53,006 [INFO] 시청자봇: 📊 [worlds_2024_20241102_t1_blg_g4 | 1726초 경과] 현재 시청자 수: 65,923명
2026-05-07 17:11:03,077 [INFO] 시청자봇: 📊 [worlds_2024_20241102_t1_blg_g4 | 1736초 경과] 현재 시청자 수: 66,194명
2026-05-07 17:11:13,204 [INFO] 시청자봇: 📊 [worlds_2024_20241102_t1_blg_g4 | 1746초 경과] 현재 시청자 수: 66,378명
2026-05-07 17:11:23,285 [INFO] 시청자봇: 📊 [worlds_2024_20241102_t1_blg_g4 | 1756초 경과] 현재 시청자 수: 66,204명
2026-05-07 17:11:33,361 [INFO] 시청자봇: 📊 [worlds_2024_20241102_t1_blg_g4 | 1766초 경과] 현재 시청자 수: 66,660명
2026-05-07 17:11:43,512 [INFO] 시청자봇: 📊 [worlds_2024_20241102_t1_blg_g4 | 1776초 경과] 현재 시청자 수: 67,710명
2026-05-07 17:11:53,593 [INFO] 시청자봇: 📊 [worlds_2024_20241102_t1_blg_g4 | 1786초 경과] 현재 시청자 수: 67,926명
2026-05-07 17:12:03,682 [INFO] 시청자봇: 📊 [worlds_2024_20241102_t1_blg_g4 | 1796초 경과] 현재 시청자 수: 68,629명
2026-05-07 17:12:13,795 [INFO] 시청자봇: 📊 [worlds_2024_20241102_t1_blg_g4 | 1806초 경과] 현재 시청자 수: 69,131명
2026-05-07 17:12:23,882 [INFO] 시청자봇: 📊 [worlds_2024_20241102_t1_blg_g4 | 1816초 경과] 현재 시청자 수: 69,944명
2026-05-07 17:12:33,964 [INFO] 시청자봇: 📊 [worlds_2024_20241102_t1_blg_g4 | 1827초 경과] 현재 시청자 수: 70,523명
2026-05-07 17:12:44,053 [INFO] 시청자봇: 📊 [worlds_2024_20241102_t1_blg_g4 | 1837초 경과] 현재 시청자 수: 71,283명
2026-05-07 17:12:54,136 [INFO] 시청자봇: 📊 [worlds_2024_20241102_t1_blg_g4 | 1847초 경과] 현재 시청자 수: 71,501명
2026-05-07 17:13:04,210 [INFO] 시청자봇: 📊 [worlds_2024_20241102_t1_blg_g4 | 1857초 경과] 현재 시청자 수: 72,028명
2026-05-07 17:13:14,343 [INFO] 시청자봇: 📊 [worlds_2024_20241102_t1_blg_g4 | 1867초 경과] 현재 시청자 수: 72,651명
2026-05-07 17:13:24,426 [INFO] 시청자봇: 📊 [worlds_2024_20241102_t1_blg_g4 | 1877초 경과] 현재 시청자 수: 73,108명
2026-05-07 17:13:34,504 [INFO] 시청자봇: 📊 [worlds_2024_20241102_t1_blg_g4 | 1887초 경과] 현재 시청자 수: 73,819명
2026-05-07 17:13:44,632 [INFO] 시청자봇: 📊 [worlds_2024_20241102_t1_blg_g4 | 1897초 경과] 현재 시청자 수: 74,730명
2026-05-07 17:13:54,716 [INFO] 시청자봇: 📊 [worlds_2024_20241102_t1_blg_g4 | 1907초 경과] 현재 시청자 수: 75,014명
2026-05-07 17:14:04,794 [INFO] 시청자봇: 📊 [worlds_2024_20241102_t1_blg_g4 | 1917초 경과] 현재 시청자 수: 75,834명
2026-05-07 17:14:14,870 [INFO] 시청자봇: 📊 [worlds_2024_20241102_t1_blg_g4 | 1927초 경과] 현재 시청자 수: 76,208명
2026-05-07 17:14:24,952 [INFO] 시청자봇: 📊 [worlds_2024_20241102_t1_blg_g4 | 1938초 경과] 현재 시청자 수: 76,880명
2026-05-07 17:14:35,035 [INFO] 시청자봇: 📊 [worlds_2024_20241102_t1_blg_g4 | 1948초 경과] 현재 시청자 수: 77,570명
2026-05-07 17:14:45,170 [INFO] 시청자봇: 📊 [intermission | 1958초 경과] 현재 시청자 수: 64,978명
2026-05-07 17:14:55,244 [INFO] 시청자봇: 📊 [intermission | 1968초 경과] 현재 시청자 수: 65,483명
2026-05-07 17:15:05,334 [INFO] 시청자봇: 📊 [intermission | 1978초 경과] 현재 시청자 수: 65,515명
2026-05-07 17:15:15,464 [INFO] 시청자봇: 📊 [intermission | 1988초 경과] 현재 시청자 수: 66,040명
2026-05-07 17:15:25,560 [INFO] 시청자봇: 📊 [intermission | 1998초 경과] 현재 시청자 수: 66,239명
2026-05-07 17:15:35,658 [INFO] 시청자봇: 📊 [intermission | 2008초 경과] 현재 시청자 수: 66,106명
2026-05-07 17:15:45,778 [INFO] 시청자봇: 📊 [intermission | 2018초 경과] 현재 시청자 수: 66,469명
2026-05-07 17:15:55,847 [INFO] 시청자봇: 📊 [intermission | 2028초 경과] 현재 시청자 수: 66,728명
2026-05-07 17:16:05,924 [INFO] 시청자봇: 📊 [intermission | 2038초 경과] 현재 시청자 수: 66,704명
2026-05-07 17:16:16,005 [INFO] 시청자봇: 📊 [intermission | 2049초 경과] 현재 시청자 수: 66,917명
2026-05-07 17:16:26,088 [INFO] 시청자봇: 📊 [intermission | 2059초 경과] 현재 시청자 수: 67,243명
2026-05-07 17:16:36,178 [INFO] 시청자봇: 📊 [intermission | 2069초 경과] 현재 시청자 수: 67,436명
2026-05-07 17:16:46,288 [INFO] 시청자봇: 📊 [intermission | 2079초 경과] 현재 시청자 수: 67,495명
2026-05-07 17:16:56,378 [INFO] 시청자봇: 📊 [intermission | 2089초 경과] 현재 시청자 수: 67,706명
2026-05-07 17:17:06,718 [INFO] 시청자봇: 📊 [intermission | 2099초 경과] 현재 시청자 수: 68,014명
2026-05-07 17:17:16,842 [INFO] 시청자봇: 📊 [intermission | 2109초 경과] 현재 시청자 수: 68,127명
2026-05-07 17:17:26,915 [INFO] 시청자봇: 📊 [intermission | 2119초 경과] 현재 시청자 수: 68,461명
2026-05-07 17:17:36,995 [INFO] 시청자봇: 📊 [intermission | 2130초 경과] 현재 시청자 수: 68,509명
2026-05-07 17:17:47,104 [INFO] 시청자봇: 📊 [intermission | 2140초 경과] 현재 시청자 수: 68,831명
2026-05-07 17:17:57,183 [INFO] 시청자봇: 📊 [intermission | 2150초 경과] 현재 시청자 수: 69,138명
2026-05-07 17:18:07,275 [INFO] 시청자봇: 📊 [intermission | 2160초 경과] 현재 시청자 수: 69,355명
2026-05-07 17:18:17,356 [INFO] 시청자봇: 📊 [intermission | 2170초 경과] 현재 시청자 수: 69,465명
2026-05-07 17:18:27,434 [INFO] 시청자봇: 📊 [intermission | 2180초 경과] 현재 시청자 수: 69,996명
2026-05-07 17:18:37,515 [INFO] 시청자봇: 📊 [intermission | 2190초 경과] 현재 시청자 수: 69,853명
2026-05-07 17:18:47,601 [INFO] 시청자봇: 📊 [intermission | 2200초 경과] 현재 시청자 수: 69,963명
2026-05-07 17:18:57,675 [INFO] 시청자봇: 📊 [intermission | 2210초 경과] 현재 시청자 수: 70,622명
2026-05-07 17:19:07,773 [INFO] 시청자봇: 📊 [intermission | 2220초 경과] 현재 시청자 수: 70,528명
2026-05-07 17:19:17,976 [INFO] 시청자봇: 📊 [intermission | 2231초 경과] 현재 시청자 수: 70,617명
2026-05-07 17:19:28,068 [INFO] 시청자봇: 📊 [intermission | 2241초 경과] 현재 시청자 수: 70,775명
2026-05-07 17:19:38,140 [INFO] 시청자봇: 📊 [intermission | 2251초 경과] 현재 시청자 수: 71,090명
2026-05-07 17:19:48,268 [INFO] 시청자봇: 📊 [intermission | 2261초 경과] 현재 시청자 수: 71,214명
2026-05-07 17:19:58,344 [INFO] 시청자봇: 📊 [intermission | 2271초 경과] 현재 시청자 수: 71,412명
2026-05-07 17:20:08,429 [INFO] 시청자봇: 📊 [intermission | 2281초 경과] 현재 시청자 수: 71,810명
2026-05-07 17:20:18,517 [INFO] 시청자봇: 📊 [intermission | 2291초 경과] 현재 시청자 수: 72,037명
2026-05-07 17:20:28,598 [INFO] 시청자봇: 📊 [intermission | 2301초 경과] 현재 시청자 수: 72,470명
2026-05-07 17:20:38,672 [INFO] 시청자봇: 📊 [intermission | 2311초 경과] 현재 시청자 수: 72,306명
2026-05-07 17:20:48,754 [INFO] 시청자봇: 📊 [intermission | 2321초 경과] 현재 시청자 수: 72,453명
2026-05-07 17:20:58,847 [INFO] 시청자봇: 📊 [intermission | 2331초 경과] 현재 시청자 수: 72,863명
2026-05-07 17:21:08,929 [INFO] 시청자봇: 📊 [intermission | 2341초 경과] 현재 시청자 수: 72,823명
2026-05-07 17:21:19,012 [INFO] 시청자봇: 📊 [intermission | 2352초 경과] 현재 시청자 수: 73,437명
2026-05-07 17:21:29,095 [INFO] 시청자봇: 📊 [intermission | 2362초 경과] 현재 시청자 수: 73,619명
2026-05-07 17:21:39,183 [INFO] 시청자봇: 📊 [intermission | 2372초 경과] 현재 시청자 수: 73,966명
2026-05-07 17:21:49,258 [INFO] 시청자봇: 📊 [intermission | 2382초 경과] 현재 시청자 수: 73,744명
2026-05-07 17:21:59,364 [INFO] 시청자봇: 📊 [intermission | 2392초 경과] 현재 시청자 수: 74,446명
2026-05-07 17:22:09,478 [INFO] 시청자봇: 📊 [intermission | 2402초 경과] 현재 시청자 수: 74,351명
2026-05-07 17:22:19,560 [INFO] 시청자봇: 📊 [intermission | 2412초 경과] 현재 시청자 수: 74,270명
2026-05-07 17:22:29,630 [INFO] 시청자봇: 📊 [intermission | 2422초 경과] 현재 시청자 수: 74,697명
2026-05-07 17:22:39,712 [INFO] 시청자봇: 📊 [intermission | 2432초 경과] 현재 시청자 수: 74,842명
2026-05-07 17:22:49,789 [INFO] 시청자봇: 📊 [intermission | 2442초 경과] 현재 시청자 수: 75,253명
2026-05-07 17:22:59,870 [INFO] 시청자봇: 📊 [intermission | 2452초 경과] 현재 시청자 수: 75,319명
2026-05-07 17:23:09,957 [INFO] 시청자봇: 📊 [intermission | 2463초 경과] 현재 시청자 수: 75,667명
2026-05-07 17:23:20,039 [INFO] 시청자봇: 📊 [intermission | 2473초 경과] 현재 시청자 수: 75,819명
2026-05-07 17:23:30,122 [INFO] 시청자봇: 📊 [intermission | 2483초 경과] 현재 시청자 수: 76,131명
2026-05-07 17:23:40,258 [INFO] 시청자봇: 📊 [intermission | 2493초 경과] 현재 시청자 수: 76,298명
2026-05-07 17:23:50,352 [INFO] 시청자봇: 📊 [intermission | 2503초 경과] 현재 시청자 수: 76,244명
2026-05-07 17:24:00,429 [INFO] 시청자봇: 📊 [intermission | 2513초 경과] 현재 시청자 수: 76,562명
2026-05-07 17:24:10,513 [INFO] 시청자봇: 📊 [intermission | 2523초 경과] 현재 시청자 수: 76,589명
2026-05-07 17:24:20,590 [INFO] 시청자봇: 📊 [intermission | 2533초 경과] 현재 시청자 수: 77,285명
2026-05-07 17:24:30,675 [INFO] 시청자봇: 📊 [intermission | 2543초 경과] 현재 시청자 수: 77,569명
2026-05-07 17:24:40,809 [INFO] 시청자봇: 📊 [intermission | 2553초 경과] 현재 시청자 수: 77,695명
2026-05-07 17:24:50,876 [INFO] 시청자봇: 📊 [intermission | 2563초 경과] 현재 시청자 수: 77,915명
2026-05-07 17:25:00,962 [INFO] 시청자봇: 📊 [intermission | 2574초 경과] 현재 시청자 수: 78,179명
2026-05-07 17:25:11,082 [INFO] 시청자봇: 📊 [intermission | 2584초 경과] 현재 시청자 수: 78,331명
2026-05-07 17:25:21,166 [INFO] 시청자봇: 📊 [intermission | 2594초 경과] 현재 시청자 수: 78,460명
2026-05-07 17:25:31,335 [INFO] 시청자봇: 📊 [intermission | 2604초 경과] 현재 시청자 수: 78,345명
2026-05-07 17:25:41,446 [INFO] 시청자봇: 📊 [intermission | 2614초 경과] 현재 시청자 수: 78,757명
2026-05-07 17:25:51,518 [INFO] 시청자봇: 📊 [intermission | 2624초 경과] 현재 시청자 수: 78,723명
2026-05-07 17:26:01,611 [INFO] 시청자봇: 📊 [intermission | 2634초 경과] 현재 시청자 수: 79,326명
2026-05-07 17:26:11,715 [INFO] 시청자봇: 📊 [intermission | 2644초 경과] 현재 시청자 수: 79,238명
2026-05-07 17:26:21,790 [INFO] 시청자봇: 📊 [intermission | 2654초 경과] 현재 시청자 수: 79,689명
2026-05-07 17:26:31,862 [INFO] 시청자봇: 📊 [intermission | 2664초 경과] 현재 시청자 수: 79,484명
2026-05-07 17:26:41,998 [INFO] 시청자봇: 📊 [intermission | 2675초 경과] 현재 시청자 수: 80,214명
2026-05-07 17:26:52,087 [INFO] 시청자봇: 📊 [intermission | 2685초 경과] 현재 시청자 수: 80,394명
2026-05-07 17:27:02,178 [INFO] 시청자봇: 📊 [intermission | 2695초 경과] 현재 시청자 수: 80,659명
2026-05-07 17:27:12,278 [INFO] 시청자봇: 📊 [intermission | 2705초 경과] 현재 시청자 수: 80,463명
2026-05-07 17:27:22,363 [INFO] 시청자봇: 📊 [intermission | 2715초 경과] 현재 시청자 수: 81,106명
2026-05-07 17:27:32,453 [INFO] 시청자봇: 📊 [intermission | 2725초 경과] 현재 시청자 수: 80,982명
2026-05-07 17:27:42,543 [INFO] 시청자봇: 📊 [intermission | 2735초 경과] 현재 시청자 수: 81,247명
2026-05-07 17:27:52,635 [INFO] 시청자봇: 📊 [intermission | 2745초 경과] 현재 시청자 수: 81,235명
2026-05-07 17:28:02,713 [INFO] 시청자봇: 📊 [intermission | 2755초 경과] 현재 시청자 수: 81,586명
2026-05-07 17:28:12,801 [INFO] 시청자봇: 📊 [intermission | 2765초 경과] 현재 시청자 수: 81,652명
2026-05-07 17:28:22,893 [INFO] 시청자봇: 📊 [intermission | 2775초 경과] 현재 시청자 수: 81,775명
2026-05-07 17:28:32,984 [INFO] 시청자봇: 📊 [intermission | 2786초 경과] 현재 시청자 수: 82,447명
2026-05-07 17:28:43,067 [INFO] 시청자봇: 📊 [intermission | 2796초 경과] 현재 시청자 수: 82,666명
2026-05-07 17:28:53,155 [INFO] 시청자봇: 📊 [intermission | 2806초 경과] 현재 시청자 수: 82,439명
2026-05-07 17:29:03,256 [INFO] 시청자봇: 📊 [intermission | 2816초 경과] 현재 시청자 수: 82,933명
2026-05-07 17:29:13,382 [INFO] 시청자봇: 📊 [intermission | 2826초 경과] 현재 시청자 수: 83,077명
2026-05-07 17:29:23,490 [INFO] 시청자봇: 📊 [intermission | 2836초 경과] 현재 시청자 수: 83,345명
2026-05-07 17:29:33,572 [INFO] 시청자봇: 📊 [intermission | 2846초 경과] 현재 시청자 수: 83,552명
2026-05-07 17:29:43,705 [INFO] 시청자봇: 📊 [intermission | 2856초 경과] 현재 시청자 수: 83,909명
2026-05-07 17:29:53,798 [INFO] 시청자봇: 📊 [intermission | 2866초 경과] 현재 시청자 수: 84,186명
2026-05-07 17:30:03,911 [INFO] 시청자봇: 📊 [intermission | 2876초 경과] 현재 시청자 수: 84,833명
2026-05-07 17:30:13,999 [INFO] 시청자봇: 📊 [intermission | 2887초 경과] 현재 시청자 수: 85,890명
2026-05-07 17:30:24,083 [INFO] 시청자봇: 📊 [intermission | 2897초 경과] 현재 시청자 수: 86,616명
2026-05-07 17:30:34,180 [INFO] 시청자봇: 📊 [intermission | 2907초 경과] 현재 시청자 수: 87,451명
2026-05-07 17:30:44,269 [INFO] 시청자봇: 📊 [intermission | 2917초 경과] 현재 시청자 수: 87,955명
2026-05-07 17:30:54,358 [INFO] 시청자봇: 📊 [intermission | 2927초 경과] 현재 시청자 수: 88,453명
2026-05-07 17:31:04,444 [INFO] 시청자봇: 📊 [intermission | 2937초 경과] 현재 시청자 수: 89,531명
2026-05-07 17:31:14,567 [INFO] 시청자봇: 📊 [intermission | 2947초 경과] 현재 시청자 수: 90,261명
2026-05-07 17:31:24,654 [INFO] 시청자봇: 📊 [intermission | 2957초 경과] 현재 시청자 수: 91,054명
2026-05-07 17:31:34,737 [INFO] 시청자봇: 📊 [intermission | 2967초 경과] 현재 시청자 수: 91,522명
2026-05-07 17:31:44,806 [INFO] 시청자봇: 📊 [intermission | 2977초 경과] 현재 시청자 수: 91,978명
2026-05-07 17:31:54,886 [INFO] 시청자봇: 📊 [intermission | 2987초 경과] 현재 시청자 수: 92,697명
2026-05-07 17:32:05,017 [INFO] 시청자봇: 📊 [intermission | 2998초 경과] 현재 시청자 수: 93,889명
2026-05-07 17:32:15,112 [INFO] 시청자봇: 📊 [intermission | 3008초 경과] 현재 시청자 수: 94,186명
2026-05-07 17:32:25,192 [INFO] 시청자봇: 📊 [intermission | 3018초 경과] 현재 시청자 수: 94,890명
2026-05-07 17:32:35,276 [INFO] 시청자봇: 📊 [intermission | 3028초 경과] 현재 시청자 수: 95,669명
2026-05-07 17:32:45,364 [INFO] 시청자봇: 📊 [intermission | 3038초 경과] 현재 시청자 수: 96,666명
2026-05-07 17:32:55,448 [INFO] 시청자봇: 📊 [intermission | 3048초 경과] 현재 시청자 수: 97,052명
2026-05-07 17:33:05,555 [INFO] 시청자봇: 📊 [intermission | 3058초 경과] 현재 시청자 수: 97,977명
2026-05-07 17:33:15,652 [INFO] 시청자봇: 📊 [intermission | 3068초 경과] 현재 시청자 수: 98,693명
2026-05-07 17:33:25,738 [INFO] 시청자봇: 📊 [intermission | 3078초 경과] 현재 시청자 수: 99,287명
2026-05-07 17:33:35,895 [INFO] 시청자봇: 📊 [intermission | 3088초 경과] 현재 시청자 수: 99,840명
2026-05-07 17:33:45,984 [INFO] 시청자봇: 📊 [intermission | 3099초 경과] 현재 시청자 수: 100,547명
2026-05-07 17:33:56,053 [INFO] 시청자봇: 📊 [intermission | 3109초 경과] 현재 시청자 수: 101,751명
2026-05-07 17:34:06,172 [INFO] 시청자봇: 📊 [intermission | 3119초 경과] 현재 시청자 수: 102,316명
2026-05-07 17:34:16,269 [INFO] 시청자봇: 📊 [intermission | 3129초 경과] 현재 시청자 수: 102,888명
2026-05-07 17:34:26,358 [INFO] 시청자봇: 📊 [intermission | 3139초 경과] 현재 시청자 수: 103,809명
2026-05-07 17:34:36,446 [INFO] 시청자봇: 📊 [intermission | 3149초 경과] 현재 시청자 수: 104,268명
2026-05-07 17:34:46,533 [INFO] 시청자봇: 📊 [intermission | 3159초 경과] 현재 시청자 수: 104,947명
2026-05-07 17:34:56,616 [INFO] 시청자봇: 📊 [intermission | 3169초 경과] 현재 시청자 수: 104,830명
2026-05-07 17:35:06,708 [INFO] 시청자봇: 📊 [intermission | 3179초 경과] 현재 시청자 수: 104,557명
2026-05-07 17:35:16,792 [INFO] 시청자봇: 📊 [worlds_2024_20241102_t1_blg_g5 | 3189초 경과] 현재 시청자 수: 104,834명
2026-05-07 17:35:26,873 [INFO] 시청자봇: 📊 [worlds_2024_20241102_t1_blg_g5 | 3199초 경과] 현재 시청자 수: 104,438명
2026-05-07 17:35:36,962 [INFO] 시청자봇: 📊 [worlds_2024_20241102_t1_blg_g5 | 3210초 경과] 현재 시청자 수: 104,187명
2026-05-07 17:35:47,057 [INFO] 시청자봇: 📊 [worlds_2024_20241102_t1_blg_g5 | 3220초 경과] 현재 시청자 수: 104,595명
2026-05-07 17:35:57,139 [INFO] 시청자봇: 📊 [worlds_2024_20241102_t1_blg_g5 | 3230초 경과] 현재 시청자 수: 104,380명
2026-05-07 17:36:07,217 [INFO] 시청자봇: 📊 [worlds_2024_20241102_t1_blg_g5 | 3240초 경과] 현재 시청자 수: 104,281명
2026-05-07 17:36:17,301 [INFO] 시청자봇: 📊 [worlds_2024_20241102_t1_blg_g5 | 3250초 경과] 현재 시청자 수: 103,816명
2026-05-07 17:36:27,394 [INFO] 시청자봇: 📊 [worlds_2024_20241102_t1_blg_g5 | 3260초 경과] 현재 시청자 수: 103,750명
2026-05-07 17:36:37,472 [INFO] 시청자봇: 📊 [worlds_2024_20241102_t1_blg_g5 | 3270초 경과] 현재 시청자 수: 103,879명
2026-05-07 17:36:47,610 [INFO] 시청자봇: 📊 [worlds_2024_20241102_t1_blg_g5 | 3280초 경과] 현재 시청자 수: 103,795명
2026-05-07 17:36:57,697 [INFO] 시청자봇: 📊 [worlds_2024_20241102_t1_blg_g5 | 3290초 경과] 현재 시청자 수: 103,746명
2026-05-07 17:37:07,791 [INFO] 시청자봇: 📊 [worlds_2024_20241102_t1_blg_g5 | 3300초 경과] 현재 시청자 수: 103,379명
2026-05-07 17:37:17,879 [INFO] 시청자봇: 📊 [worlds_2024_20241102_t1_blg_g5 | 3310초 경과] 현재 시청자 수: 103,544명
2026-05-07 17:37:27,967 [INFO] 시청자봇: 📊 [worlds_2024_20241102_t1_blg_g5 | 3321초 경과] 현재 시청자 수: 103,670명
2026-05-07 17:37:38,064 [INFO] 시청자봇: 📊 [worlds_2024_20241102_t1_blg_g5 | 3331초 경과] 현재 시청자 수: 103,543명
2026-05-07 17:37:48,154 [INFO] 시청자봇: 📊 [worlds_2024_20241102_t1_blg_g5 | 3341초 경과] 현재 시청자 수: 103,275명
2026-05-07 17:37:58,231 [INFO] 시청자봇: 📊 [worlds_2024_20241102_t1_blg_g5 | 3351초 경과] 현재 시청자 수: 103,171명
2026-05-07 17:38:08,363 [INFO] 시청자봇: 📊 [worlds_2024_20241102_t1_blg_g5 | 3361초 경과] 현재 시청자 수: 102,689명
2026-05-07 17:38:18,431 [INFO] 시청자봇: 📊 [worlds_2024_20241102_t1_blg_g5 | 3371초 경과] 현재 시청자 수: 102,576명
2026-05-07 17:38:28,522 [INFO] 시청자봇: 📊 [worlds_2024_20241102_t1_blg_g5 | 3381초 경과] 현재 시청자 수: 102,916명
2026-05-07 17:38:38,640 [INFO] 시청자봇: 📊 [worlds_2024_20241102_t1_blg_g5 | 3391초 경과] 현재 시청자 수: 102,827명
2026-05-07 17:38:48,723 [INFO] 시청자봇: 📊 [worlds_2024_20241102_t1_blg_g5 | 3401초 경과] 현재 시청자 수: 102,639명
2026-05-07 17:38:58,810 [INFO] 시청자봇: 📊 [worlds_2024_20241102_t1_blg_g5 | 3411초 경과] 현재 시청자 수: 102,186명
2026-05-07 17:39:08,965 [INFO] 시청자봇: 📊 [worlds_2024_20241102_t1_blg_g5 | 3422초 경과] 현재 시청자 수: 102,247명
2026-05-07 17:39:19,046 [INFO] 시청자봇: 📊 [worlds_2024_20241102_t1_blg_g5 | 3432초 경과] 현재 시청자 수: 102,052명
2026-05-07 17:39:29,138 [INFO] 시청자봇: 📊 [worlds_2024_20241102_t1_blg_g5 | 3442초 경과] 현재 시청자 수: 101,880명
2026-05-07 17:39:39,332 [INFO] 시청자봇: 📊 [worlds_2024_20241102_t1_blg_g5 | 3452초 경과] 현재 시청자 수: 102,159명
2026-05-07 17:39:49,413 [INFO] 시청자봇: 📊 [worlds_2024_20241102_t1_blg_g5 | 3462초 경과] 현재 시청자 수: 102,192명
2026-05-07 17:39:59,505 [INFO] 시청자봇: 📊 [worlds_2024_20241102_t1_blg_g5 | 3472초 경과] 현재 시청자 수: 101,921명
2026-05-07 17:40:09,639 [INFO] 시청자봇: 📊 [worlds_2024_20241102_t1_blg_g5 | 3482초 경과] 현재 시청자 수: 101,504명
2026-05-07 17:40:19,729 [INFO] 시청자봇: 📊 [worlds_2024_20241102_t1_blg_g5 | 3492초 경과] 현재 시청자 수: 101,666명
2026-05-07 17:40:29,822 [INFO] 시청자봇: 📊 [worlds_2024_20241102_t1_blg_g5 | 3502초 경과] 현재 시청자 수: 101,591명
2026-05-07 17:40:39,916 [INFO] 시청자봇: 📊 [worlds_2024_20241102_t1_blg_g5 | 3512초 경과] 현재 시청자 수: 101,543명
2026-05-07 17:40:50,021 [INFO] 시청자봇: 📊 [worlds_2024_20241102_t1_blg_g5 | 3523초 경과] 현재 시청자 수: 101,596명
2026-05-07 17:41:00,124 [INFO] 시청자봇: 📊 [worlds_2024_20241102_t1_blg_g5 | 3533초 경과] 현재 시청자 수: 101,201명
2026-05-07 17:41:10,245 [INFO] 시청자봇: 📊 [worlds_2024_20241102_t1_blg_g5 | 3543초 경과] 현재 시청자 수: 101,270명
2026-05-07 17:41:20,315 [INFO] 시청자봇: 📊 [worlds_2024_20241102_t1_blg_g5 | 3553초 경과] 현재 시청자 수: 101,153명
2026-05-07 17:41:30,403 [INFO] 시청자봇: 📊 [worlds_2024_20241102_t1_blg_g5 | 3563초 경과] 현재 시청자 수: 101,151명
2026-05-07 17:41:40,500 [INFO] 시청자봇: 📊 [worlds_2024_20241102_t1_blg_g5 | 3573초 경과] 현재 시청자 수: 100,842명
2026-05-07 17:41:50,586 [INFO] 시청자봇: 📊 [worlds_2024_20241102_t1_blg_g5 | 3583초 경과] 현재 시청자 수: 100,720명
2026-05-07 17:42:00,665 [INFO] 시청자봇: 📊 [worlds_2024_20241102_t1_blg_g5 | 3593초 경과] 현재 시청자 수: 100,540명
2026-05-07 17:42:10,743 [INFO] 시청자봇: 📊 [worlds_2024_20241102_t1_blg_g5 | 3603초 경과] 현재 시청자 수: 100,316명
2026-05-07 17:42:20,818 [INFO] 시청자봇: 📊 [worlds_2024_20241102_t1_blg_g5 | 3613초 경과] 현재 시청자 수: 100,315명
2026-05-07 17:42:30,913 [INFO] 시청자봇: 📊 [worlds_2024_20241102_t1_blg_g5 | 3623초 경과] 현재 시청자 수: 100,545명
2026-05-07 17:42:41,035 [INFO] 시청자봇: 📊 [worlds_2024_20241102_t1_blg_g5 | 3634초 경과] 현재 시청자 수: 100,168명
2026-05-07 17:42:51,102 [INFO] 시청자봇: 📊 [worlds_2024_20241102_t1_blg_g5 | 3644초 경과] 현재 시청자 수: 99,876명
2026-05-07 17:43:01,186 [INFO] 시청자봇: 📊 [worlds_2024_20241102_t1_blg_g5 | 3654초 경과] 현재 시청자 수: 100,330명
2026-05-07 17:43:11,276 [INFO] 시청자봇: 📊 [worlds_2024_20241102_t1_blg_g5 | 3664초 경과] 현재 시청자 수: 99,855명
2026-05-07 17:43:21,351 [INFO] 시청자봇: 📊 [worlds_2024_20241102_t1_blg_g5 | 3674초 경과] 현재 시청자 수: 100,008명
2026-05-07 17:43:31,441 [INFO] 시청자봇: 📊 [worlds_2024_20241102_t1_blg_g5 | 3684초 경과] 현재 시청자 수: 99,835명
2026-05-07 17:43:41,573 [INFO] 시청자봇: 📊 [worlds_2024_20241102_t1_blg_g5 | 3694초 경과] 현재 시청자 수: 99,819명
2026-05-07 17:43:51,739 [INFO] 시청자봇: 📊 [worlds_2024_20241102_t1_blg_g5 | 3704초 경과] 현재 시청자 수: 99,496명
2026-05-07 17:44:01,834 [INFO] 시청자봇: 📊 [worlds_2024_20241102_t1_blg_g5 | 3714초 경과] 현재 시청자 수: 99,362명
2026-05-07 17:44:11,929 [INFO] 시청자봇: 📊 [worlds_2024_20241102_t1_blg_g5 | 3724초 경과] 현재 시청자 수: 99,341명
2026-05-07 17:44:22,027 [INFO] 시청자봇: 📊 [worlds_2024_20241102_t1_blg_g5 | 3735초 경과] 현재 시청자 수: 99,418명
2026-05-07 17:44:32,110 [INFO] 시청자봇: 📊 [worlds_2024_20241102_t1_blg_g5 | 3745초 경과] 현재 시청자 수: 99,074명
2026-05-07 17:44:42,240 [INFO] 시청자봇: 📊 [worlds_2024_20241102_t1_blg_g5 | 3755초 경과] 현재 시청자 수: 99,309명
2026-05-07 17:44:52,324 [INFO] 시청자봇: 📊 [worlds_2024_20241102_t1_blg_g5 | 3765초 경과] 현재 시청자 수: 99,115명
2026-05-07 17:44:52,409 [INFO] 시청자봇: 🎉 [시청자 봇] 모든 방송(세리머니 포함)이 종료되었습니다. 수고하셨습니다!
